--------------------------------------------------------------------------------
Release 14.7 Trace  (nt64)
Copyright (c) 1995-2013 Xilinx, Inc.  All rights reserved.

C:\Xilinx\14.7\ISE_DS\ISE\bin\nt64\unwrapped\trce.exe -intstyle ise -v 3 -s 5
-n 3 -fastpaths -xml main.twx main.ncd -o main.twr main.pcf -ucf main.ucf

Design file:              main.ncd
Physical constraint file: main.pcf
Device,package,speed:     xc3s50a,vq100,-5 (PRODUCTION 1.42 2013-10-13)
Report level:             verbose report

Environment Variable      Effect 
--------------------      ------ 
NONE                      No environment variables were set
--------------------------------------------------------------------------------

INFO:Timing:2698 - No timing constraints found, doing default enumeration.
INFO:Timing:3412 - To improve timing, see the Timing Closure User Guide (UG612).
INFO:Timing:2752 - To get complete path coverage, use the unconstrained paths 
   option. All paths that are not constrained will be reported in the 
   unconstrained paths section(s) of the report.
INFO:Timing:3339 - The clock-to-out numbers in this timing report are based on 
   a 50 Ohm transmission line loading model.  For the details of this model, 
   and for more information on accounting for different loading conditions, 
   please see the device datasheet.
INFO:Timing:3390 - This architecture does not support a default System Jitter 
   value, please add SYSTEM_JITTER constraint to the UCF to modify the Clock 
   Uncertainty calculation.
INFO:Timing:3389 - This architecture does not support 'Discrete Jitter' and 
   'Phase Error' calculations, these terms will be zero in the Clock 
   Uncertainty calculation.  Please make appropriate modification to 
   SYSTEM_JITTER to account for the unsupported Discrete Jitter and Phase 
   Error.



Data Sheet report:
-----------------
All values displayed in nanoseconds (ns)

Clock mode to Pad
--------------+------------+------------------+--------+
              | clk (edge) |                  | Clock  |
Destination   |   to PAD   |Internal Clock(s) | Phase  |
--------------+------------+------------------+--------+
SevenSegBus<0>|   11.965(F)|mode_IBUF         |   0.000|
SevenSegBus<1>|   11.330(F)|mode_IBUF         |   0.000|
SevenSegBus<2>|   12.368(F)|mode_IBUF         |   0.000|
SevenSegBus<3>|   11.629(F)|mode_IBUF         |   0.000|
SevenSegBus<4>|   12.048(F)|mode_IBUF         |   0.000|
SevenSegBus<5>|   11.520(F)|mode_IBUF         |   0.000|
SevenSegBus<6>|   11.266(F)|mode_IBUF         |   0.000|
SevenSegBus<7>|   11.287(F)|mode_IBUF         |   0.000|
--------------+------------+------------------+--------+

Clock to Setup on destination clock clk
---------------+---------+---------+---------+---------+
               | Src:Rise| Src:Fall| Src:Rise| Src:Fall|
Source Clock   |Dest:Rise|Dest:Rise|Dest:Fall|Dest:Fall|
---------------+---------+---------+---------+---------+
clk            |    4.095|         |         |         |
---------------+---------+---------+---------+---------+

Clock to Setup on destination clock column<0>
---------------+---------+---------+---------+---------+
               | Src:Rise| Src:Fall| Src:Rise| Src:Fall|
Source Clock   |Dest:Rise|Dest:Rise|Dest:Fall|Dest:Fall|
---------------+---------+---------+---------+---------+
column<0>      |         |         |         |    1.956|
column<1>      |         |         |         |    1.956|
column<2>      |         |         |         |    1.956|
column<3>      |         |         |         |    1.956|
column<4>      |         |         |         |    1.956|
column<5>      |         |         |         |    1.956|
column<6>      |         |         |         |    1.956|
column<7>      |         |         |         |    1.956|
hit            |         |         |    0.585|    2.634|
mode           |         |         |   -0.246|   -0.246|
---------------+---------+---------+---------+---------+

Clock to Setup on destination clock column<1>
---------------+---------+---------+---------+---------+
               | Src:Rise| Src:Fall| Src:Rise| Src:Fall|
Source Clock   |Dest:Rise|Dest:Rise|Dest:Fall|Dest:Fall|
---------------+---------+---------+---------+---------+
column<0>      |         |         |         |    1.956|
column<1>      |         |         |         |    1.956|
column<2>      |         |         |         |    1.956|
column<3>      |         |         |         |    1.956|
column<4>      |         |         |         |    1.956|
column<5>      |         |         |         |    1.956|
column<6>      |         |         |         |    1.956|
column<7>      |         |         |         |    1.956|
hit            |         |         |    0.321|    2.634|
mode           |         |         |   -0.510|   -0.510|
---------------+---------+---------+---------+---------+

Clock to Setup on destination clock column<2>
---------------+---------+---------+---------+---------+
               | Src:Rise| Src:Fall| Src:Rise| Src:Fall|
Source Clock   |Dest:Rise|Dest:Rise|Dest:Fall|Dest:Fall|
---------------+---------+---------+---------+---------+
column<0>      |         |         |         |    1.956|
column<1>      |         |         |         |    1.956|
column<2>      |         |         |         |    1.956|
column<3>      |         |         |         |    1.956|
column<4>      |         |         |         |    1.956|
column<5>      |         |         |         |    1.956|
column<6>      |         |         |         |    1.956|
column<7>      |         |         |         |    1.956|
hit            |         |         |    0.034|    2.634|
mode           |         |         |   -0.797|   -0.797|
---------------+---------+---------+---------+---------+

Clock to Setup on destination clock column<3>
---------------+---------+---------+---------+---------+
               | Src:Rise| Src:Fall| Src:Rise| Src:Fall|
Source Clock   |Dest:Rise|Dest:Rise|Dest:Fall|Dest:Fall|
---------------+---------+---------+---------+---------+
column<0>      |         |         |         |    1.956|
column<1>      |         |         |         |    1.956|
column<2>      |         |         |         |    1.956|
column<3>      |         |         |         |    1.956|
column<4>      |         |         |         |    1.956|
column<5>      |         |         |         |    1.956|
column<6>      |         |         |         |    1.956|
column<7>      |         |         |         |    1.956|
hit            |         |         |   -0.495|    2.634|
mode           |         |         |   -0.282|   -0.282|
---------------+---------+---------+---------+---------+

Clock to Setup on destination clock column<4>
---------------+---------+---------+---------+---------+
               | Src:Rise| Src:Fall| Src:Rise| Src:Fall|
Source Clock   |Dest:Rise|Dest:Rise|Dest:Fall|Dest:Fall|
---------------+---------+---------+---------+---------+
column<0>      |         |         |         |    1.956|
column<1>      |         |         |         |    1.956|
column<2>      |         |         |         |    1.956|
column<3>      |         |         |         |    1.956|
column<4>      |         |         |         |    1.956|
column<5>      |         |         |         |    1.956|
column<6>      |         |         |         |    1.956|
column<7>      |         |         |         |    1.956|
hit            |         |         |    0.694|    2.634|
mode           |         |         |    0.881|    0.881|
---------------+---------+---------+---------+---------+

Clock to Setup on destination clock column<5>
---------------+---------+---------+---------+---------+
               | Src:Rise| Src:Fall| Src:Rise| Src:Fall|
Source Clock   |Dest:Rise|Dest:Rise|Dest:Fall|Dest:Fall|
---------------+---------+---------+---------+---------+
column<0>      |         |         |         |    1.956|
column<1>      |         |         |         |    1.956|
column<2>      |         |         |         |    1.956|
column<3>      |         |         |         |    1.956|
column<4>      |         |         |         |    1.956|
column<5>      |         |         |         |    1.956|
column<6>      |         |         |         |    1.956|
column<7>      |         |         |         |    1.956|
hit            |         |         |    0.793|    2.634|
mode           |         |         |    0.984|    0.984|
---------------+---------+---------+---------+---------+

Clock to Setup on destination clock column<6>
---------------+---------+---------+---------+---------+
               | Src:Rise| Src:Fall| Src:Rise| Src:Fall|
Source Clock   |Dest:Rise|Dest:Rise|Dest:Fall|Dest:Fall|
---------------+---------+---------+---------+---------+
column<0>      |         |         |         |    1.956|
column<1>      |         |         |         |    1.956|
column<2>      |         |         |         |    1.956|
column<3>      |         |         |         |    1.956|
column<4>      |         |         |         |    1.956|
column<5>      |         |         |         |    1.956|
column<6>      |         |         |         |    1.956|
column<7>      |         |         |         |    1.956|
hit            |         |         |    0.264|    2.634|
mode           |         |         |   -0.100|   -0.100|
---------------+---------+---------+---------+---------+

Clock to Setup on destination clock column<7>
---------------+---------+---------+---------+---------+
               | Src:Rise| Src:Fall| Src:Rise| Src:Fall|
Source Clock   |Dest:Rise|Dest:Rise|Dest:Fall|Dest:Fall|
---------------+---------+---------+---------+---------+
column<0>      |         |         |         |    1.956|
column<1>      |         |         |         |    1.956|
column<2>      |         |         |         |    1.956|
column<3>      |         |         |         |    1.956|
column<4>      |         |         |         |    1.956|
column<5>      |         |         |         |    1.956|
column<6>      |         |         |         |    1.956|
column<7>      |         |         |         |    1.956|
hit            |         |         |    0.745|    2.634|
mode           |         |         |   -0.211|   -0.211|
---------------+---------+---------+---------+---------+

Clock to Setup on destination clock hit
---------------+---------+---------+---------+---------+
               | Src:Rise| Src:Fall| Src:Rise| Src:Fall|
Source Clock   |Dest:Rise|Dest:Rise|Dest:Fall|Dest:Fall|
---------------+---------+---------+---------+---------+
column<0>      |         |         |    1.143|    1.143|
column<1>      |         |         |    0.403|    0.403|
column<2>      |         |         |    1.613|    1.613|
mode           |         |         |    2.147|    2.147|
---------------+---------+---------+---------+---------+

Clock to Setup on destination clock mode
---------------+---------+---------+---------+---------+
               | Src:Rise| Src:Fall| Src:Rise| Src:Fall|
Source Clock   |Dest:Rise|Dest:Rise|Dest:Fall|Dest:Fall|
---------------+---------+---------+---------+---------+
column<0>      |         |         |   11.022|   16.475|
column<1>      |         |         |   10.534|   16.475|
column<2>      |         |         |   11.303|   16.475|
column<3>      |         |         |   11.372|   16.475|
column<4>      |         |         |   10.932|   16.475|
column<5>      |         |         |   11.580|   16.475|
column<6>      |         |         |   10.962|   16.475|
column<7>      |         |         |   11.907|   16.475|
hit            |         |         |    5.094|   10.372|
mode           |         |         |         |    2.882|
---------------+---------+---------+---------+---------+


Analysis completed Tue Nov 26 14:03:33 2019 
--------------------------------------------------------------------------------

Trace Settings:
-------------------------
Trace Settings 

Peak Memory Usage: 175 MB



